[validate] OK: serial path bit-identical to repo NSGA-II (front=19, evals=320)
[RQ3] WEN38 seed=11 workers=0 ...
      -> 95.9s evals=1600 front=56
[RQ3] WEN38 seed=11 workers=1 ...
      -> 96.9s evals=1600 front=56
[RQ3] WEN38 seed=11 workers=2 ...
      -> 64.5s evals=1600 front=56
[RQ3] WEN38 seed=11 workers=4 ...
      -> 65.5s evals=1600 front=56
[RQ3] WEN38 seed=11 workers=8 ...
      -> 67.1s evals=1600 front=56
[RQ3] WEN38 seed=22 workers=0 ...
      -> 96.3s evals=1600 front=41
[RQ3] WEN38 seed=22 workers=1 ...
      -> 95.9s evals=1600 front=41
[RQ3] WEN38 seed=22 workers=2 ...
      -> 65.3s evals=1600 front=41
[RQ3] WEN38 seed=22 workers=4 ...
      -> 68.7s evals=1600 front=41
[RQ3] WEN38 seed=22 workers=8 ...
      -> 69.7s evals=1600 front=41
[RQ3] WEN38 seed=33 workers=0 ...
      -> 96.9s evals=1600 front=35
[RQ3] WEN38 seed=33 workers=1 ...
      -> 97.3s evals=1600 front=35
[RQ3] WEN38 seed=33 workers=2 ...
      -> 65.7s evals=1600 front=35
[RQ3] WEN38 seed=33 workers=4 ...
      -> 66.7s evals=1600 front=35
[RQ3] WEN38 seed=33 workers=8 ...
      -> 69.1s evals=1600 front=35
[RQ4] S025 seed=11 workers=1 ...
      -> 105.4s evals=1600 front=2
[RQ4] S025 seed=11 workers=2 ...
      -> 71.9s evals=1600 front=2
[RQ4] S025 seed=11 workers=4 ...
      -> 72.9s evals=1600 front=2
[RQ4] S025 seed=11 workers=8 ...
      -> 73.5s evals=1600 front=2
[RQ4] S025 seed=22 workers=1 ...
      -> 106.8s evals=1600 front=6
[RQ4] S025 seed=22 workers=2 ...
      -> 73.0s evals=1600 front=6
[RQ4] S025 seed=22 workers=4 ...
      -> 73.4s evals=1600 front=6
[RQ4] S025 seed=22 workers=8 ...
      -> 73.6s evals=1600 front=6
[RQ4] S050 seed=11 workers=1 ...
      -> 217.7s evals=800 front=10
[RQ4] S050 seed=11 workers=2 ...
      -> 147.0s evals=800 front=10
[RQ4] S050 seed=11 workers=4 ...
      -> 152.5s evals=800 front=10
[RQ4] S050 seed=11 workers=8 ...
      -> 150.8s evals=800 front=10
[RQ4] S050 seed=22 workers=1 ...
      -> 223.1s evals=800 front=10
[RQ4] S050 seed=22 workers=2 ...
      -> 151.7s evals=800 front=10
[RQ4] S050 seed=22 workers=4 ...
      -> 155.5s evals=800 front=10
[RQ4] S050 seed=22 workers=8 ...
      -> 156.3s evals=800 front=10
[RQ4] M100 seed=11 workers=1 ...
